\BOOKMARK [1][-]{section.1}{\376\377\133\236\232\214\116\373\122\241\116\016\200\314\146\157\151\202\217\360}{}% 1
\BOOKMARK [2][-]{subsection.1.1}{\376\377\116\055\145\207\122\006\213\315\116\373\122\241\137\142\137\017\123\026}{section.1}% 2
\BOOKMARK [2][-]{subsection.1.2}{\376\377\116\012\147\072\116\373\122\241\133\214\142\020\140\305\121\265\213\364\146\016}{section.1}% 3
\BOOKMARK [1][-]{section.2}{\376\377\000B\000i\000L\000S\000T\000M\000\040\116\055\145\207\122\006\213\315\123\237\164\006\116\016\150\070\137\303\213\241\173\227\217\307\172\013}{}% 4
\BOOKMARK [2][-]{subsection.2.1}{\376\377\152\041\127\213\147\266\147\204\121\150\146\157}{section.2}% 5
\BOOKMARK [2][-]{subsection.2.2}{\376\377\133\127\173\046\135\114\121\145\210\150\171\072\377\010\000E\000m\000b\000e\000d\000d\000i\000n\000g\377\011}{section.2}% 6
\BOOKMARK [2][-]{subsection.2.3}{\376\377\000L\000S\000T\000M\000\040\123\125\121\103\123\125\153\145\225\350\143\247\213\241\173\227\145\271\172\013}{section.2}% 7
\BOOKMARK [2][-]{subsection.2.4}{\376\377\123\314\124\021\147\072\122\066\377\010\000B\000i\000L\000S\000T\000M\377\011\166\204\117\134\165\050}{section.2}% 8
\BOOKMARK [2][-]{subsection.2.5}{\376\377\000P\000y\000T\000o\000r\000c\000h\000\040\123\330\225\177\136\217\122\027\135\345\172\013\131\004\164\006\377\010\000P\000a\000c\000k\000\040\000\046\000\040\000P\000a\000d\377\011}{section.2}% 9
\BOOKMARK [1][-]{section.3}{\376\377\211\343\170\001\147\072\122\066\133\371\153\324\377\032\162\354\172\313\000\040\000S\000o\000f\000t\000m\000a\000x\000\040\116\016\000\040\000C\000R\000F\000\040\121\150\134\100\176\246\147\137}{}% 10
\BOOKMARK [2][-]{subsection.3.1}{\376\377\176\257\000\040\000B\000i\000L\000S\000T\000M\000\040\166\204\134\100\220\350\162\354\172\313\211\343\170\001}{section.3}% 11
\BOOKMARK [2][-]{subsection.3.2}{\376\377\134\100\220\350\211\343\170\001\166\204\134\100\226\120\140\047\116\016\227\136\154\325\150\007\173\176\217\154\171\373}{section.3}% 12
\BOOKMARK [2][-]{subsection.3.3}{\376\377\217\333\226\066\142\323\134\125\377\032\000B\000i\000L\000S\000T\000M\000-\000C\000R\000F\000\040\121\150\134\100\200\124\124\010\211\343\170\001\173\200\217\360}{section.3}% 13
\BOOKMARK [1][-]{section.4}{\376\377\133\236\232\214\213\276\177\156\116\016\167\037\133\236\217\320\210\114\176\323\147\234}{}% 14
\BOOKMARK [2][-]{subsection.4.1}{\376\377\133\236\232\214\213\276\177\156\116\016\215\205\123\302\145\160}{section.4}% 15
\BOOKMARK [2][-]{subsection.4.2}{\376\377\213\255\176\303\145\066\145\133\217\307\172\013\116\016\133\236\155\113\143\137\131\061\146\362\176\277}{section.4}% 16
\BOOKMARK [2][-]{subsection.4.3}{\376\377\155\113\213\325\226\306\213\304\155\113\143\007\150\007\116\016\152\052\124\021\133\371\153\324}{section.4}% 17
\BOOKMARK [1][-]{section.5}{\376\377\121\150\145\260\117\213\123\345\155\113\213\325\116\016\213\241\173\227\217\307\172\013\213\346\176\306\143\250\157\024}{}% 18
\BOOKMARK [2][-]{subsection.5.1}{\376\377\121\150\145\260\117\213\123\345\155\113\213\325\176\323\147\234}{section.5}% 19
\BOOKMARK [2][-]{subsection.5.2}{\376\377\116\345\040\034\201\352\161\066\213\355\212\000\131\004\164\006\146\057\213\241\173\227\147\072\171\321\133\146\230\206\127\337\166\204\221\315\211\201\145\271\124\021\040\035\116\072\117\213\166\204\213\241\173\227\217\307\172\013\143\250\157\024}{section.5}% 20
\BOOKMARK [3][-]{subsubsection.5.2.1}{\376\377\153\145\232\244\000\040\0001\377\032\154\111\133\127\133\127\173\046\146\040\134\004\116\072\213\315\210\150\000\040\000I\000D}{subsection.5.2}% 21
\BOOKMARK [3][-]{subsubsection.5.2.2}{\376\377\153\145\232\244\000\040\0002\377\032\000E\000m\000b\000e\000d\000d\000i\000n\000g\000\040\147\345\210\150\116\016\123\314\124\021\226\220\162\266\140\001\143\320\123\326}{subsection.5.2}% 22
\BOOKMARK [3][-]{subsubsection.5.2.3}{\376\377\153\145\232\244\000\040\0003\377\032\176\277\140\047\122\006\174\173\134\102\213\241\173\227\116\016\000\040\000S\000o\000f\000t\000m\000a\000x\000\040\167\037\133\236\151\202\163\207\122\006\136\003}{subsection.5.2}% 23
\BOOKMARK [3][-]{subsubsection.5.2.4}{\376\377\153\145\232\244\000\040\0004\377\032\122\007\122\006\217\271\165\114\170\156\133\232}{subsection.5.2}% 24
\BOOKMARK [2][-]{subsection.5.3}{\376\377\147\052\166\173\137\125\133\127\377\010\000O\000O\000V\377\011\131\004\164\006\147\072\122\066\155\113\213\325}{section.5}% 25
\BOOKMARK [1][-]{section.6}{\376\377\133\236\232\214\140\073\176\323}{}% 26
